<?xml version="1.0"?>
<testsuite name="Chrome Headless 142.0.0.0 (Windows 10)" package="" timestamp="2025-11-20T16:32:23" id="0" hostname="DESKTOP-33U8FNM" tests="3" errors="0" failures="0" time="0.091">
  <properties>
    <property name="browser.fullName" value="Mozilla/5.0 (Windows NT 10.0; Win64; x64) AppleWebKit/537.36 (KHTML, like Gecko) HeadlessChrome/142.0.0.0 Safari/537.36"/>
  </properties>
  <testcase name="AppComponent should create the app" time="0.073" classname="AppComponent"/>
  <testcase name="AppComponent should have the 'otpread' title" time="0.009" classname="AppComponent"/>
  <testcase name="AppComponent should render title" time="0.009" classname="AppComponent"/>
  <system-out>
    <![CDATA[
]]>
  </system-out>
  <system-err/>
</testsuite>